../Core/Src/main.c:92:6:sendUart	16	static
../Core/Src/main.c:95:7:getVoltage	24	static
../Core/Src/main.c:111:7:getAngle	24	static
../Core/Src/main.c:121:6:go	8	static
../Core/Src/main.c:128:6:back	8	static
../Core/Src/main.c:135:6:stop	8	static
../Core/Src/main.c:142:6:pid	16	static
../Core/Src/main.c:181:6:HAL_TIM_PeriodElapsedCallback	16	static
../Core/Src/main.c:207:5:main	16	static
../Core/Src/main.c:296:6:SystemClock_Config	88	static
../Core/Src/main.c:347:6:Error_Handler	4	static,ignoring_inline_asm
